// Jest Snapshot v1, https://goo.gl/fbAQLP

exports[`renders correctely 1`] = `
<button
  className="example example-btn"
  onClick={[Function]}
>
  Example
</button>
`;
